=================================================================
  MFWAM0025 48h: onatge + vent marí · costa catalana
=================================================================
  Comprovant connexió... ✓

  Descàrrega MFWAM0025 SP1 (intent 1/5)... ✓
  Variables descarregades: ['si10', 'wdir10', 'unknown', 'swdir', 'swh', 'mwd', 'pp1d', 'mwp', 'shww', 'mpww', 'shts', 'mpts', 'wvdir']

  ╔══════════════════════════════════════╗
  ║  🌊 Retallant a costa catalana (13 vars)  ║
  ╚══════════════════════════════════════╝
  Hores disponibles: 48. Processant les primeres 48.
    +10/48h processades
    +20/48h processades
    +30/48h processades
    +40/48h processades
    +48/48h processades
  ✅ Graella: 80×116 = 9280 punts

  ╔══════════════════════════════════════╗
  ║  📦 GENERANT JSONs                    ║
  ╚══════════════════════════════════════╝
  mar_00.json: 676 KB (12 vars) | +00h | 2026-10-03 15:00 CEST
  mar_01.json: 676 KB (12 vars) | +01h | 2026-10-03 16:00 CEST
  mar_02.json: 676 KB (12 vars) | +02h | 2026-10-03 17:00 CEST
  mar_03.json: 675 KB (12 vars) | +03h | 2026-10-03 18:00 CEST
  mar_04.json: 675 KB (12 vars) | +04h | 2026-10-03 19:00 CEST
  mar_05.json: 674 KB (12 vars) | +05h | 2026-10-03 20:00 CEST
  mar_06.json: 674 KB (12 vars) | +06h | 2026-10-03 21:00 CEST
  mar_07.json: 675 KB (12 vars) | +07h | 2026-10-03 22:00 CEST
  mar_08.json: 675 KB (12 vars) | +08h | 2026-10-03 23:00 CEST
  mar_09.json: 675 KB (12 vars) | +09h | 2026-10-04 00:00 CEST
  mar_10.json: 676 KB (12 vars) | +10h | 2026-10-04 01:00 CEST
  mar_11.json: 677 KB (12 vars) | +11h | 2026-10-04 02:00 CEST
  mar_12.json: 677 KB (12 vars) | +12h | 2026-10-04 03:00 CEST
  mar_13.json: 676 KB (12 vars) | +13h | 2026-10-04 04:00 CEST
  mar_14.json: 676 KB (12 vars) | +14h | 2026-10-04 05:00 CEST
  mar_15.json: 677 KB (12 vars) | +15h | 2026-10-04 06:00 CEST
  mar_16.json: 677 KB (12 vars) | +16h | 2026-10-04 07:00 CEST
  mar_17.json: 676 KB (12 vars) | +17h | 2026-10-04 08:00 CEST
  mar_18.json: 675 KB (12 vars) | +18h | 2026-10-04 09:00 CEST
  mar_19.json: 675 KB (12 vars) | +19h | 2026-10-04 10:00 CEST
  mar_20.json: 674 KB (12 vars) | +20h | 2026-10-04 11:00 CEST
  mar_21.json: 673 KB (12 vars) | +21h | 2026-10-04 12:00 CEST
  mar_22.json: 674 KB (12 vars) | +22h | 2026-10-04 13:00 CEST
  mar_23.json: 673 KB (12 vars) | +23h | 2026-10-04 14:00 CEST
  mar_24.json: 674 KB (12 vars) | +24h | 2026-10-04 15:00 CEST
  mar_25.json: 674 KB (12 vars) | +25h | 2026-10-04 16:00 CEST
  mar_26.json: 673 KB (12 vars) | +26h | 2026-10-04 17:00 CEST
  mar_27.json: 674 KB (12 vars) | +27h | 2026-10-04 18:00 CEST
  mar_28.json: 673 KB (12 vars) | +28h | 2026-10-04 19:00 CEST
  mar_29.json: 672 KB (12 vars) | +29h | 2026-10-04 20:00 CEST
  mar_30.json: 672 KB (12 vars) | +30h | 2026-10-04 21:00 CEST
  mar_31.json: 673 KB (12 vars) | +31h | 2026-10-04 22:00 CEST
  mar_32.json: 673 KB (12 vars) | +32h | 2026-10-04 23:00 CEST
  mar_33.json: 672 KB (12 vars) | +33h | 2026-10-05 00:00 CEST
  mar_34.json: 672 KB (12 vars) | +34h | 2026-10-05 01:00 CEST
  mar_35.json: 672 KB (12 vars) | +35h | 2026-10-05 02:00 CEST
  mar_36.json: 672 KB (12 vars) | +36h | 2026-10-05 03:00 CEST
  mar_37.json: 673 KB (12 vars) | +37h | 2026-10-05 04:00 CEST
  mar_38.json: 673 KB (12 vars) | +38h | 2026-10-05 05:00 CEST
  mar_39.json: 672 KB (12 vars) | +39h | 2026-10-05 06:00 CEST
  mar_40.json: 671 KB (12 vars) | +40h | 2026-10-05 07:00 CEST
  mar_41.json: 670 KB (12 vars) | +41h | 2026-10-05 08:00 CEST
  mar_42.json: 670 KB (12 vars) | +42h | 2026-10-05 09:00 CEST
  mar_43.json: 670 KB (12 vars) | +43h | 2026-10-05 10:00 CEST
  mar_44.json: 670 KB (12 vars) | +44h | 2026-10-05 11:00 CEST
  mar_45.json: 669 KB (12 vars) | +45h | 2026-10-05 12:00 CEST
  mar_46.json: 669 KB (12 vars) | +46h | 2026-10-05 13:00 CEST
  mar_47.json: 668 KB (12 vars) | +47h | 2026-10-05 14:00 CEST

  ╔══════════════════════════════════════╗
  ║  🔎 INFORME D'INTEGRITAT              ║
  ╚══════════════════════════════════════╝
  ✅ Totes les 48 hores tenen variables crítiques

  📊 status.json: 520 B

  ╔══════════════════════════════════════╗
  ║  ✅ FINALITZAT
  ╠══════════════════════════════════════╣
  ║  Fitxers: 48 (hores: 48/48)
  ║  Pes total: 31.6 MB
  ║  Temps: 50s
  ╚══════════════════════════════════════╝

  📝 Log: /home/runner/work/joctempestes/joctempestes/meu-mapa/public/webdata_waves/logs/run_20261003_185219.log
